
> axionvera-dashboard@0.1.0 test
> jest

node.exe : FAIL src/tests/sorobanDecoder.test.ts (5.378 s)
At line:1 char:1
+ & "C:\Program Files\nodejs/node.exe" "C:\Program Files\nodejs/node_mo ...
+ ~~~~~~~~~~~~~~~~~~~~~~~~~~~~~~~~~~~~~~~~~~~~~~~~~~~~~~~~~~~~~~~~~~~~~
    + CategoryInfo          : NotSpecified: (FAIL src/tests/...st.ts (5.378 s):String) [], RemoteException
    + FullyQualifiedErrorId : NativeCommandError
 
  ΓùÅ Console

    console.error
      Error decoding Soroban value: TypeError: t.switch is not a function
          at e 
(C:\Users\Jason\Desktop\DripWave\Stellar\axionvera-dashboard\node_modules\stellar-sdk\dist\stellar-sdk.min.js:2:255007)
          at decodeSorobanSymbol 
(C:\Users\Jason\Desktop\DripWave\Stellar\axionvera-dashboard\src\utils\sorobanDecoder.ts:37:33)
          at Object.<anonymous> 
(C:\Users\Jason\Desktop\DripWave\Stellar\axionvera-dashboard\src\tests\sorobanDecoder.test.ts:41:33)
          at Promise.then.completed 
(C:\Users\Jason\Desktop\DripWave\Stellar\axionvera-dashboard\node_modules\jest-circus\build\utils.js:298:28)
          at new Promise (<anonymous>)
          at callAsyncCircusFn 
(C:\Users\Jason\Desktop\DripWave\Stellar\axionvera-dashboard\node_modules\jest-circus\build\utils.js:231:10)
          at _callCircusTest 
(C:\Users\Jason\Desktop\DripWave\Stellar\axionvera-dashboard\node_modules\jest-circus\build\run.js:316:40)
          at processTicksAndRejections (node:internal/process/task_queues:105:5)
          at _runTest 
(C:\Users\Jason\Desktop\DripWave\Stellar\axionvera-dashboard\node_modules\jest-circus\build\run.js:252:3)
          at _runTestsForDescribeBlock 
(C:\Users\Jason\Desktop\DripWave\Stellar\axionvera-dashboard\node_modules\jest-circus\build\run.js:126:9)
          at _runTestsForDescribeBlock 
(C:\Users\Jason\Desktop\DripWave\Stellar\axionvera-dashboard\node_modules\jest-circus\build\run.js:121:9)
          at _runTestsForDescribeBlock 
(C:\Users\Jason\Desktop\DripWave\Stellar\axionvera-dashboard\node_modules\jest-circus\build\run.js:121:9)
          at run 
(C:\Users\Jason\Desktop\DripWave\Stellar\axionvera-dashboard\node_modules\jest-circus\build\run.js:71:3)
          at runAndTransformResultsToJestFormat (C:\Users\Jason\Desktop\DripWave\Stellar\axionvera-dashboard\node_modul
es\jest-circus\build\legacy-code-todo-rewrite\jestAdapterInit.js:122:21)
          at jestAdapter (C:\Users\Jason\Desktop\DripWave\Stellar\axionvera-dashboard\node_modules\jest-circus\build\le
gacy-code-todo-rewrite\jestAdapter.js:79:19)
          at runTestInternal 
(C:\Users\Jason\Desktop\DripWave\Stellar\axionvera-dashboard\node_modules\jest-runner\build\runTest.js:367:16)
          at runTest 
(C:\Users\Jason\Desktop\DripWave\Stellar\axionvera-dashboard\node_modules\jest-runner\build\runTest.js:444:34)
          at Object.worker 
(C:\Users\Jason\Desktop\DripWave\Stellar\axionvera-dashboard\node_modules\jest-runner\build\testWorker.js:106:12)

    [0m [90m 64 |[39m     [36mreturn[39m [33mString[39m(native)[33m;[39m
     [90m 65 |[39m   } [36mcatch[39m (error) {
    [31m[1m>[22m[39m[90m 66 |[39m     console[33m.[39merror([32m'Error decoding Soroban 
value:'[39m[33m,[39m error)[33m;[39m
     [90m    |[39m             [31m[1m^[22m[39m
     [90m 67 |[39m     [36mreturn[39m [32m''[39m[33m;[39m
     [90m 68 |[39m   }
     [90m 69 |[39m }[0m

      at error (src/utils/sorobanDecoder.ts:66:13)
      at Object.<anonymous> (src/tests/sorobanDecoder.test.ts:41:33)

    console.error
      Error decoding Soroban value: TypeError: t.switch is not a function
          at e 
(C:\Users\Jason\Desktop\DripWave\Stellar\axionvera-dashboard\node_modules\stellar-sdk\dist\stellar-sdk.min.js:2:255007)
          at decodeSorobanSymbol 
(C:\Users\Jason\Desktop\DripWave\Stellar\axionvera-dashboard\src\utils\sorobanDecoder.ts:37:33)
          at Object.<anonymous> 
(C:\Users\Jason\Desktop\DripWave\Stellar\axionvera-dashboard\src\tests\sorobanDecoder.test.ts:46:33)
          at Promise.then.completed 
(C:\Users\Jason\Desktop\DripWave\Stellar\axionvera-dashboard\node_modules\jest-circus\build\utils.js:298:28)
          at new Promise (<anonymous>)
          at callAsyncCircusFn 
(C:\Users\Jason\Desktop\DripWave\Stellar\axionvera-dashboard\node_modules\jest-circus\build\utils.js:231:10)
          at _callCircusTest 
(C:\Users\Jason\Desktop\DripWave\Stellar\axionvera-dashboard\node_modules\jest-circus\build\run.js:316:40)
          at processTicksAndRejections (node:internal/process/task_queues:105:5)
          at _runTest 
(C:\Users\Jason\Desktop\DripWave\Stellar\axionvera-dashboard\node_modules\jest-circus\build\run.js:252:3)
          at _runTestsForDescribeBlock 
(C:\Users\Jason\Desktop\DripWave\Stellar\axionvera-dashboard\node_modules\jest-circus\build\run.js:126:9)
          at _runTestsForDescribeBlock 
(C:\Users\Jason\Desktop\DripWave\Stellar\axionvera-dashboard\node_modules\jest-circus\build\run.js:121:9)
          at _runTestsForDescribeBlock 
(C:\Users\Jason\Desktop\DripWave\Stellar\axionvera-dashboard\node_modules\jest-circus\build\run.js:121:9)
          at run 
(C:\Users\Jason\Desktop\DripWave\Stellar\axionvera-dashboard\node_modules\jest-circus\build\run.js:71:3)
          at runAndTransformResultsToJestFormat (C:\Users\Jason\Desktop\DripWave\Stellar\axionvera-dashboard\node_modul
es\jest-circus\build\legacy-code-todo-rewrite\jestAdapterInit.js:122:21)
          at jestAdapter (C:\Users\Jason\Desktop\DripWave\Stellar\axionvera-dashboard\node_modules\jest-circus\build\le
gacy-code-todo-rewrite\jestAdapter.js:79:19)
          at runTestInternal 
(C:\Users\Jason\Desktop\DripWave\Stellar\axionvera-dashboard\node_modules\jest-runner\build\runTest.js:367:16)
          at runTest 
(C:\Users\Jason\Desktop\DripWave\Stellar\axionvera-dashboard\node_modules\jest-runner\build\runTest.js:444:34)
          at Object.worker 
(C:\Users\Jason\Desktop\DripWave\Stellar\axionvera-dashboard\node_modules\jest-runner\build\testWorker.js:106:12)

    [0m [90m 64 |[39m     [36mreturn[39m [33mString[39m(native)[33m;[39m
     [90m 65 |[39m   } [36mcatch[39m (error) {
    [31m[1m>[22m[39m[90m 66 |[39m     console[33m.[39merror([32m'Error decoding Soroban 
value:'[39m[33m,[39m error)[33m;[39m
     [90m    |[39m             [31m[1m^[22m[39m
     [90m 67 |[39m     [36mreturn[39m [32m''[39m[33m;[39m
     [90m 68 |[39m   }
     [90m 69 |[39m }[0m

      at error (src/utils/sorobanDecoder.ts:66:13)
      at Object.<anonymous> (src/tests/sorobanDecoder.test.ts:46:33)

    console.error
      Error decoding Soroban value: TypeError: t.switch is not a function
          at e 
(C:\Users\Jason\Desktop\DripWave\Stellar\axionvera-dashboard\node_modules\stellar-sdk\dist\stellar-sdk.min.js:2:255007)
          at decodeSorobanSymbol 
(C:\Users\Jason\Desktop\DripWave\Stellar\axionvera-dashboard\src\utils\sorobanDecoder.ts:37:33)
          at Object.<anonymous> 
(C:\Users\Jason\Desktop\DripWave\Stellar\axionvera-dashboard\src\tests\sorobanDecoder.test.ts:51:33)
          at Promise.then.completed 
(C:\Users\Jason\Desktop\DripWave\Stellar\axionvera-dashboard\node_modules\jest-circus\build\utils.js:298:28)
          at new Promise (<anonymous>)
          at callAsyncCircusFn 
(C:\Users\Jason\Desktop\DripWave\Stellar\axionvera-dashboard\node_modules\jest-circus\build\utils.js:231:10)
          at _callCircusTest 
(C:\Users\Jason\Desktop\DripWave\Stellar\axionvera-dashboard\node_modules\jest-circus\build\run.js:316:40)
          at processTicksAndRejections (node:internal/process/task_queues:105:5)
          at _runTest 
(C:\Users\Jason\Desktop\DripWave\Stellar\axionvera-dashboard\node_modules\jest-circus\build\run.js:252:3)
          at _runTestsForDescribeBlock 
(C:\Users\Jason\Desktop\DripWave\Stellar\axionvera-dashboard\node_modules\jest-circus\build\run.js:126:9)
          at _runTestsForDescribeBlock 
(C:\Users\Jason\Desktop\DripWave\Stellar\axionvera-dashboard\node_modules\jest-circus\build\run.js:121:9)
          at _runTestsForDescribeBlock 
(C:\Users\Jason\Desktop\DripWave\Stellar\axionvera-dashboard\node_modules\jest-circus\build\run.js:121:9)
          at run 
(C:\Users\Jason\Desktop\DripWave\Stellar\axionvera-dashboard\node_modules\jest-circus\build\run.js:71:3)
          at runAndTransformResultsToJestFormat (C:\Users\Jason\Desktop\DripWave\Stellar\axionvera-dashboard\node_modul
es\jest-circus\build\legacy-code-todo-rewrite\jestAdapterInit.js:122:21)
          at jestAdapter (C:\Users\Jason\Desktop\DripWave\Stellar\axionvera-dashboard\node_modules\jest-circus\build\le
gacy-code-todo-rewrite\jestAdapter.js:79:19)
          at runTestInternal 
(C:\Users\Jason\Desktop\DripWave\Stellar\axionvera-dashboard\node_modules\jest-runner\build\runTest.js:367:16)
          at runTest 
(C:\Users\Jason\Desktop\DripWave\Stellar\axionvera-dashboard\node_modules\jest-runner\build\runTest.js:444:34)
          at Object.worker 
(C:\Users\Jason\Desktop\DripWave\Stellar\axionvera-dashboard\node_modules\jest-runner\build\testWorker.js:106:12)

    [0m [90m 64 |[39m     [36mreturn[39m [33mString[39m(native)[33m;[39m
     [90m 65 |[39m   } [36mcatch[39m (error) {
    [31m[1m>[22m[39m[90m 66 |[39m     console[33m.[39merror([32m'Error decoding Soroban 
value:'[39m[33m,[39m error)[33m;[39m
     [90m    |[39m             [31m[1m^[22m[39m
     [90m 67 |[39m     [36mreturn[39m [32m''[39m[33m;[39m
     [90m 68 |[39m   }
     [90m 69 |[39m }[0m

      at error (src/utils/sorobanDecoder.ts:66:13)
      at Object.<anonymous> (src/tests/sorobanDecoder.test.ts:51:33)

    console.error
      Error decoding Soroban value: TypeError: t.switch is not a function
          at e 
(C:\Users\Jason\Desktop\DripWave\Stellar\axionvera-dashboard\node_modules\stellar-sdk\dist\stellar-sdk.min.js:2:255007)
          at decodeSorobanSymbol 
(C:\Users\Jason\Desktop\DripWave\Stellar\axionvera-dashboard\src\utils\sorobanDecoder.ts:37:33)
          at Object.<anonymous> 
(C:\Users\Jason\Desktop\DripWave\Stellar\axionvera-dashboard\src\tests\sorobanDecoder.test.ts:55:33)
          at Promise.then.completed 
(C:\Users\Jason\Desktop\DripWave\Stellar\axionvera-dashboard\node_modules\jest-circus\build\utils.js:298:28)
          at new Promise (<anonymous>)
          at callAsyncCircusFn 
(C:\Users\Jason\Desktop\DripWave\Stellar\axionvera-dashboard\node_modules\jest-circus\build\utils.js:231:10)
          at _callCircusTest 
(C:\Users\Jason\Desktop\DripWave\Stellar\axionvera-dashboard\node_modules\jest-circus\build\run.js:316:40)
          at processTicksAndRejections (node:internal/process/task_queues:105:5)
          at _runTest 
(C:\Users\Jason\Desktop\DripWave\Stellar\axionvera-dashboard\node_modules\jest-circus\build\run.js:252:3)
          at _runTestsForDescribeBlock 
(C:\Users\Jason\Desktop\DripWave\Stellar\axionvera-dashboard\node_modules\jest-circus\build\run.js:126:9)
          at _runTestsForDescribeBlock 
(C:\Users\Jason\Desktop\DripWave\Stellar\axionvera-dashboard\node_modules\jest-circus\build\run.js:121:9)
          at _runTestsForDescribeBlock 
(C:\Users\Jason\Desktop\DripWave\Stellar\axionvera-dashboard\node_modules\jest-circus\build\run.js:121:9)
          at run 
(C:\Users\Jason\Desktop\DripWave\Stellar\axionvera-dashboard\node_modules\jest-circus\build\run.js:71:3)
          at runAndTransformResultsToJestFormat (C:\Users\Jason\Desktop\DripWave\Stellar\axionvera-dashboard\node_modul
es\jest-circus\build\legacy-code-todo-rewrite\jestAdapterInit.js:122:21)
          at jestAdapter (C:\Users\Jason\Desktop\DripWave\Stellar\axionvera-dashboard\node_modules\jest-circus\build\le
gacy-code-todo-rewrite\jestAdapter.js:79:19)
          at runTestInternal 
(C:\Users\Jason\Desktop\DripWave\Stellar\axionvera-dashboard\node_modules\jest-runner\build\runTest.js:367:16)
          at runTest 
(C:\Users\Jason\Desktop\DripWave\Stellar\axionvera-dashboard\node_modules\jest-runner\build\runTest.js:444:34)
          at Object.worker 
(C:\Users\Jason\Desktop\DripWave\Stellar\axionvera-dashboard\node_modules\jest-runner\build\testWorker.js:106:12)

    [0m [90m 64 |[39m     [36mreturn[39m [33mString[39m(native)[33m;[39m
     [90m 65 |[39m   } [36mcatch[39m (error) {
    [31m[1m>[22m[39m[90m 66 |[39m     console[33m.[39merror([32m'Error decoding Soroban 
value:'[39m[33m,[39m error)[33m;[39m
     [90m    |[39m             [31m[1m^[22m[39m
     [90m 67 |[39m     [36mreturn[39m [32m''[39m[33m;[39m
     [90m 68 |[39m   }
     [90m 69 |[39m }[0m

      at error (src/utils/sorobanDecoder.ts:66:13)
      at Object.<anonymous> (src/tests/sorobanDecoder.test.ts:55:33)

    console.error
      Error decoding Soroban value: TypeError: t.switch is not a function
          at e 
(C:\Users\Jason\Desktop\DripWave\Stellar\axionvera-dashboard\node_modules\stellar-sdk\dist\stellar-sdk.min.js:2:255007)
          at decodeSorobanSymbol 
(C:\Users\Jason\Desktop\DripWave\Stellar\axionvera-dashboard\src\utils\sorobanDecoder.ts:37:33)
          at Object.<anonymous> 
(C:\Users\Jason\Desktop\DripWave\Stellar\axionvera-dashboard\src\tests\sorobanDecoder.test.ts:60:33)
          at Promise.then.completed 
(C:\Users\Jason\Desktop\DripWave\Stellar\axionvera-dashboard\node_modules\jest-circus\build\utils.js:298:28)
          at new Promise (<anonymous>)
          at callAsyncCircusFn 
(C:\Users\Jason\Desktop\DripWave\Stellar\axionvera-dashboard\node_modules\jest-circus\build\utils.js:231:10)
          at _callCircusTest 
(C:\Users\Jason\Desktop\DripWave\Stellar\axionvera-dashboard\node_modules\jest-circus\build\run.js:316:40)
          at processTicksAndRejections (node:internal/process/task_queues:105:5)
          at _runTest 
(C:\Users\Jason\Desktop\DripWave\Stellar\axionvera-dashboard\node_modules\jest-circus\build\run.js:252:3)
          at _runTestsForDescribeBlock 
(C:\Users\Jason\Desktop\DripWave\Stellar\axionvera-dashboard\node_modules\jest-circus\build\run.js:126:9)
          at _runTestsForDescribeBlock 
(C:\Users\Jason\Desktop\DripWave\Stellar\axionvera-dashboard\node_modules\jest-circus\build\run.js:121:9)
          at _runTestsForDescribeBlock 
(C:\Users\Jason\Desktop\DripWave\Stellar\axionvera-dashboard\node_modules\jest-circus\build\run.js:121:9)
          at run 
(C:\Users\Jason\Desktop\DripWave\Stellar\axionvera-dashboard\node_modules\jest-circus\build\run.js:71:3)
          at runAndTransformResultsToJestFormat (C:\Users\Jason\Desktop\DripWave\Stellar\axionvera-dashboard\node_modul
es\jest-circus\build\legacy-code-todo-rewrite\jestAdapterInit.js:122:21)
          at jestAdapter (C:\Users\Jason\Desktop\DripWave\Stellar\axionvera-dashboard\node_modules\jest-circus\build\le
gacy-code-todo-rewrite\jestAdapter.js:79:19)
          at runTestInternal 
(C:\Users\Jason\Desktop\DripWave\Stellar\axionvera-dashboard\node_modules\jest-runner\build\runTest.js:367:16)
          at runTest 
(C:\Users\Jason\Desktop\DripWave\Stellar\axionvera-dashboard\node_modules\jest-runner\build\runTest.js:444:34)
          at Object.worker 
(C:\Users\Jason\Desktop\DripWave\Stellar\axionvera-dashboard\node_modules\jest-runner\build\testWorker.js:106:12)

    [0m [90m 64 |[39m     [36mreturn[39m [33mString[39m(native)[33m;[39m
     [90m 65 |[39m   } [36mcatch[39m (error) {
    [31m[1m>[22m[39m[90m 66 |[39m     console[33m.[39merror([32m'Error decoding Soroban 
value:'[39m[33m,[39m error)[33m;[39m
     [90m    |[39m             [31m[1m^[22m[39m
     [90m 67 |[39m     [36mreturn[39m [32m''[39m[33m;[39m
     [90m 68 |[39m   }
     [90m 69 |[39m }[0m

      at error (src/utils/sorobanDecoder.ts:66:13)
      at Object.<anonymous> (src/tests/sorobanDecoder.test.ts:60:33)

  ΓùÅ sorobanDecoder ΓÇ║ decodeSorobanSymbol ΓÇ║ should handle native string values from scValToNative fallback

    expect(received).toBe(expected) // Object.is equality

    Expected: "native string"
    Received: ""

    [0m [90m 39 |[39m
     [90m 40 |[39m     it([32m'should handle native string values from scValToNative fallback'[39m[33m,[39m () 
[33m=>[39m {
    [31m[1m>[22m[39m[90m 41 |[39m       expect(decodeSorobanSymbol([32m'native 
string'[39m))[33m.[39mtoBe([32m'native string'[39m)[33m;[39m
     [90m    |[39m                                                    [31m[1m^[22m[39m
     [90m 42 |[39m     })[33m;[39m
     [90m 43 |[39m
     [90m 44 |[39m     it([32m'should handle Buffer values from scValToNative fallback'[39m[33m,[39m () 
[33m=>[39m {[0m

      at Object.toBe (src/tests/sorobanDecoder.test.ts:41:52)

  ΓùÅ sorobanDecoder ΓÇ║ decodeSorobanSymbol ΓÇ║ should handle Buffer values from scValToNative fallback

    expect(received).toBe(expected) // Object.is equality

    Expected: "buffer data"
    Received: ""

    [0m [90m 44 |[39m     it([32m'should handle Buffer values from scValToNative fallback'[39m[33m,[39m () 
[33m=>[39m {
     [90m 45 |[39m       [36mconst[39m buf [33m=[39m [33mBuffer[39m[33m.[39m[36mfrom[39m([32m'buffer 
data'[39m)[33m;[39m
    [31m[1m>[22m[39m[90m 46 |[39m       expect(decodeSorobanSymbol(buf))[33m.[39mtoBe([32m'buffer 
data'[39m)[33m;[39m
     [90m    |[39m                                        [31m[1m^[22m[39m
     [90m 47 |[39m     })[33m;[39m
     [90m 48 |[39m
     [90m 49 |[39m     it([32m'should handle objects by stringifying them to avoid [Object object]'[39m[33m,[39m 
() [33m=>[39m {[0m

      at Object.toBe (src/tests/sorobanDecoder.test.ts:46:40)

  ΓùÅ sorobanDecoder ΓÇ║ decodeSorobanSymbol ΓÇ║ should handle objects by stringifying them to avoid [Object object]

    expect(received).toBe(expected) // Object.is equality

    Expected: "{\"key\":\"value\"}"
    Received: ""

    [0m [90m 49 |[39m     it([32m'should handle objects by stringifying them to avoid [Object 
object]'[39m[33m,[39m () [33m=>[39m {
     [90m 50 |[39m       [36mconst[39m obj [33m=[39m { key[33m:[39m [32m'value'[39m }[33m;[39m
    [31m[1m>[22m[39m[90m 51 |[39m       
expect(decodeSorobanSymbol(obj))[33m.[39mtoBe([32m'{"key":"value"}'[39m)[33m;[39m
     [90m    |[39m                                        [31m[1m^[22m[39m
     [90m 52 |[39m     })[33m;[39m
     [90m 53 |[39m
     [90m 54 |[39m     it([32m'should handle empty objects by returning an empty string'[39m[33m,[39m () 
[33m=>[39m {[0m

      at Object.toBe (src/tests/sorobanDecoder.test.ts:51:40)

  ΓùÅ sorobanDecoder ΓÇ║ decodeSorobanSymbol ΓÇ║ should handle special characters in strings

    expect(received).toBe(expected) // Object.is equality

    Expected: "≡ƒÜÇ Stellar Symbol! @#$%^&*()"
    Received: ""

    [0m [90m 58 |[39m     it([32m'should handle special characters in strings'[39m[33m,[39m () [33m=>[39m {
     [90m 59 |[39m       [36mconst[39m special [33m=[39m [32m'≡ƒÜÇ Stellar Symbol! @#$%^&*()'[39m[33m;[39m
    [31m[1m>[22m[39m[90m 60 |[39m       expect(decodeSorobanSymbol(special))[33m.[39mtoBe(special)[33m;[39m
     [90m    |[39m                                            [31m[1m^[22m[39m
     [90m 61 |[39m     })[33m;[39m
     [90m 62 |[39m
     [90m 63 |[39m     it([32m'should return empty string on error and log it'[39m[33m,[39m () [33m=>[39m {[0m

      at Object.toBe (src/tests/sorobanDecoder.test.ts:60:44)

FAIL src/tests/parseEvents.test.ts
  ΓùÅ Console

    console.error
      Error decoding Soroban value: TypeError: t.switch is not a function
          at e 
(C:\Users\Jason\Desktop\DripWave\Stellar\axionvera-dashboard\node_modules\stellar-sdk\dist\stellar-sdk.min.js:2:255007)
          at decodeSorobanSymbol 
(C:\Users\Jason\Desktop\DripWave\Stellar\axionvera-dashboard\src\utils\sorobanDecoder.ts:37:33)
          at C:\Users\Jason\Desktop\DripWave\Stellar\axionvera-dashboard\src\utils\parseEvents.ts:30:56
          at Array.map (<anonymous>)
          at map (C:\Users\Jason\Desktop\DripWave\Stellar\axionvera-dashboard\src\utils\parseEvents.ts:30:21)
          at Array.map (<anonymous>)
          at map (C:\Users\Jason\Desktop\DripWave\Stellar\axionvera-dashboard\src\utils\parseEvents.ts:27:20)
          at Object.<anonymous> 
(C:\Users\Jason\Desktop\DripWave\Stellar\axionvera-dashboard\src\tests\parseEvents.test.ts:56:40)
          at Promise.then.completed 
(C:\Users\Jason\Desktop\DripWave\Stellar\axionvera-dashboard\node_modules\jest-circus\build\utils.js:298:28)
          at new Promise (<anonymous>)
          at callAsyncCircusFn 
(C:\Users\Jason\Desktop\DripWave\Stellar\axionvera-dashboard\node_modules\jest-circus\build\utils.js:231:10)
          at _callCircusTest 
(C:\Users\Jason\Desktop\DripWave\Stellar\axionvera-dashboard\node_modules\jest-circus\build\run.js:316:40)
          at processTicksAndRejections (node:internal/process/task_queues:105:5)
          at _runTest 
(C:\Users\Jason\Desktop\DripWave\Stellar\axionvera-dashboard\node_modules\jest-circus\build\run.js:252:3)
          at _runTestsForDescribeBlock 
(C:\Users\Jason\Desktop\DripWave\Stellar\axionvera-dashboard\node_modules\jest-circus\build\run.js:126:9)
          at _runTestsForDescribeBlock 
(C:\Users\Jason\Desktop\DripWave\Stellar\axionvera-dashboard\node_modules\jest-circus\build\run.js:121:9)
          at _runTestsForDescribeBlock 
(C:\Users\Jason\Desktop\DripWave\Stellar\axionvera-dashboard\node_modules\jest-circus\build\run.js:121:9)
          at run 
(C:\Users\Jason\Desktop\DripWave\Stellar\axionvera-dashboard\node_modules\jest-circus\build\run.js:71:3)
          at runAndTransformResultsToJestFormat (C:\Users\Jason\Desktop\DripWave\Stellar\axionvera-dashboard\node_modul
es\jest-circus\build\legacy-code-todo-rewrite\jestAdapterInit.js:122:21)
          at jestAdapter (C:\Users\Jason\Desktop\DripWave\Stellar\axionvera-dashboard\node_modules\jest-circus\build\le
gacy-code-todo-rewrite\jestAdapter.js:79:19)
          at runTestInternal 
(C:\Users\Jason\Desktop\DripWave\Stellar\axionvera-dashboard\node_modules\jest-runner\build\runTest.js:367:16)
          at runTest 
(C:\Users\Jason\Desktop\DripWave\Stellar\axionvera-dashboard\node_modules\jest-runner\build\runTest.js:444:34)
          at Object.worker 
(C:\Users\Jason\Desktop\DripWave\Stellar\axionvera-dashboard\node_modules\jest-runner\build\testWorker.js:106:12)

    [0m [90m 64 |[39m     [36mreturn[39m [33mString[39m(native)[33m;[39m
     [90m 65 |[39m   } [36mcatch[39m (error) {
    [31m[1m>[22m[39m[90m 66 |[39m     console[33m.[39merror([32m'Error decoding Soroban 
value:'[39m[33m,[39m error)[33m;[39m
     [90m    |[39m             [31m[1m^[22m[39m
     [90m 67 |[39m     [36mreturn[39m [32m''[39m[33m;[39m
     [90m 68 |[39m   }
     [90m 69 |[39m }[0m

      at error (src/utils/sorobanDecoder.ts:66:13)
      at src/utils/parseEvents.ts:30:56
          at Array.map (<anonymous>)
      at map (src/utils/parseEvents.ts:30:21)
          at Array.map (<anonymous>)
      at map (src/utils/parseEvents.ts:27:20)
      at Object.<anonymous> (src/tests/parseEvents.test.ts:56:40)

    console.error
      Error decoding Soroban value: TypeError: t.switch is not a function
          at e 
(C:\Users\Jason\Desktop\DripWave\Stellar\axionvera-dashboard\node_modules\stellar-sdk\dist\stellar-sdk.min.js:2:255007)
          at decodeSorobanSymbol 
(C:\Users\Jason\Desktop\DripWave\Stellar\axionvera-dashboard\src\utils\sorobanDecoder.ts:37:33)
          at C:\Users\Jason\Desktop\DripWave\Stellar\axionvera-dashboard\src\utils\parseEvents.ts:44:30
          at Array.map (<anonymous>)
          at map (C:\Users\Jason\Desktop\DripWave\Stellar\axionvera-dashboard\src\utils\parseEvents.ts:27:20)
          at Object.<anonymous> 
(C:\Users\Jason\Desktop\DripWave\Stellar\axionvera-dashboard\src\tests\parseEvents.test.ts:56:40)
          at Promise.then.completed 
(C:\Users\Jason\Desktop\DripWave\Stellar\axionvera-dashboard\node_modules\jest-circus\build\utils.js:298:28)
          at new Promise (<anonymous>)
          at callAsyncCircusFn 
(C:\Users\Jason\Desktop\DripWave\Stellar\axionvera-dashboard\node_modules\jest-circus\build\utils.js:231:10)
          at _callCircusTest 
(C:\Users\Jason\Desktop\DripWave\Stellar\axionvera-dashboard\node_modules\jest-circus\build\run.js:316:40)
          at processTicksAndRejections (node:internal/process/task_queues:105:5)
          at _runTest 
(C:\Users\Jason\Desktop\DripWave\Stellar\axionvera-dashboard\node_modules\jest-circus\build\run.js:252:3)
          at _runTestsForDescribeBlock 
(C:\Users\Jason\Desktop\DripWave\Stellar\axionvera-dashboard\node_modules\jest-circus\build\run.js:126:9)
          at _runTestsForDescribeBlock 
(C:\Users\Jason\Desktop\DripWave\Stellar\axionvera-dashboard\node_modules\jest-circus\build\run.js:121:9)
          at _runTestsForDescribeBlock 
(C:\Users\Jason\Desktop\DripWave\Stellar\axionvera-dashboard\node_modules\jest-circus\build\run.js:121:9)
          at run 
(C:\Users\Jason\Desktop\DripWave\Stellar\axionvera-dashboard\node_modules\jest-circus\build\run.js:71:3)
          at runAndTransformResultsToJestFormat (C:\Users\Jason\Desktop\DripWave\Stellar\axionvera-dashboard\node_modul
es\jest-circus\build\legacy-code-todo-rewrite\jestAdapterInit.js:122:21)
          at jestAdapter (C:\Users\Jason\Desktop\DripWave\Stellar\axionvera-dashboard\node_modules\jest-circus\build\le
gacy-code-todo-rewrite\jestAdapter.js:79:19)
          at runTestInternal 
(C:\Users\Jason\Desktop\DripWave\Stellar\axionvera-dashboard\node_modules\jest-runner\build\runTest.js:367:16)
          at runTest 
(C:\Users\Jason\Desktop\DripWave\Stellar\axionvera-dashboard\node_modules\jest-runner\build\runTest.js:444:34)
          at Object.worker 
(C:\Users\Jason\Desktop\DripWave\Stellar\axionvera-dashboard\node_modules\jest-runner\build\testWorker.js:106:12)

    [0m [90m 64 |[39m     [36mreturn[39m [33mString[39m(native)[33m;[39m
     [90m 65 |[39m   } [36mcatch[39m (error) {
    [31m[1m>[22m[39m[90m 66 |[39m     console[33m.[39merror([32m'Error decoding Soroban 
value:'[39m[33m,[39m error)[33m;[39m
     [90m    |[39m             [31m[1m^[22m[39m
     [90m 67 |[39m     [36mreturn[39m [32m''[39m[33m;[39m
     [90m 68 |[39m   }
     [90m 69 |[39m }[0m

      at error (src/utils/sorobanDecoder.ts:66:13)
      at src/utils/parseEvents.ts:44:30
          at Array.map (<anonymous>)
      at map (src/utils/parseEvents.ts:27:20)
      at Object.<anonymous> (src/tests/parseEvents.test.ts:56:40)

  ΓùÅ parseEvents ΓÇ║ parseSorobanEvents ΓÇ║ should handle special characters in event values

    expect(received).toBe(expected) // Object.is equality

    Expected: "≡ƒÜÇ special characters test"
    Received: ""

    [0m [90m 55 |[39m
     [90m 56 |[39m       [36mconst[39m parsed [33m=[39m parseSorobanEvents(mockRawEvents)[33m;[39m
    [31m[1m>[22m[39m[90m 57 |[39m       expect(parsed[[35m0[39m][33m.[39mvalue)[33m.[39mtoBe([32m'≡ƒÜÇ 
special characters test'[39m)[33m;[39m
     [90m    |[39m                               [31m[1m^[22m[39m
     [90m 58 |[39m     })[33m;[39m
     [90m 59 |[39m   })[33m;[39m
     [90m 60 |[39m })[33m;[39m[0m

      at Object.toBe (src/tests/parseEvents.test.ts:57:31)

FAIL tests/components/Navbar.test.tsx (6.965 s)
  ΓùÅ Navbar ΓÇ║ shows disconnect button when connected

    TestingLibraryElementError: Unable to find an accessible element with the role "button" and name `/disconnect 
stellar wallet/i`

    Here are the accessible roles:

      banner:

      Name "":
      [36m<header[39m
        [33mclass[39m=[32m"sticky top-0 z-20 border-b border-slate-200 dark:border-slate-800 bg-white/80 
dark:bg-slate-950/80 backdrop-blur transition-colors duration-300"[39m
      [36m/>[39m

      --------------------------------------------------
      button:

      Name "Collapse sidebar":
      [36m<button[39m
        [33maria-expanded[39m=[32m"true"[39m
        [33maria-label[39m=[32m"Collapse sidebar"[39m
        [33mclass[39m=[32m"hidden lg:flex h-10 w-10 items-center justify-center rounded-xl border border-slate-200 
dark:border-slate-800 bg-slate-100/30 dark:bg-slate-900/30 text-slate-600 dark:text-slate-300 transition 
hover:bg-slate-200/50 dark:hover:bg-slate-900/60"[39m
        [33mtype[39m=[32m"button"[39m
      [36m/>[39m

      Name "Toggle Dark Mode":
      [36m<button[39m
        [33maria-label[39m=[32m"Toggle Dark Mode"[39m
        [33mclass[39m=[32m"fixed bottom-6 right-6 p-3 rounded-full bg-slate-200 dark:bg-slate-800 text-slate-800 
dark:text-slate-200 shadow-lg hover:shadow-xl transition-all z-50 focus:outline-none focus:ring-2 focus:ring-offset-2 
focus:ring-axion-500"[39m
      [36m/>[39m

      Name "Connect Stellar wallet":
      [36m<button[39m
        [33maria-label[39m=[32m"Connect Stellar wallet"[39m
        [33mclass[39m=[32m"rounded-xl bg-axion-500 px-4 py-2 text-sm font-medium text-white shadow-lg 
shadow-axion-500/20 transition hover:bg-axion-400 disabled:cursor-not-allowed disabled:opacity-70"[39m
        [33mtype[39m=[32m"button"[39m
      [36m/>[39m

      Name "Open menu":
      [36m<button[39m
        [33maria-expanded[39m=[32m"false"[39m
        [33maria-label[39m=[32m"Open menu"[39m
        [33mclass[39m=[32m"flex h-10 w-10 items-center justify-center rounded-xl border border-slate-200 
dark:border-slate-800 bg-slate-100/30 dark:bg-slate-900/30 text-slate-600 dark:text-slate-300 transition 
hover:bg-slate-200/50 dark:hover:bg-slate-900/60 sm:hidden"[39m
        [33mtype[39m=[32m"button"[39m
      [36m/>[39m

      --------------------------------------------------
      link:

      Name "Axionvera logo Axionvera Dashboard":
      [36m<a[39m
        [33mclass[39m=[32m"flex items-center gap-2"[39m
        [33mhref[39m=[32m"/"[39m
      [36m/>[39m

      Name "Vault":
      [36m<a[39m
        [33mclass[39m=[32m"rounded-lg px-3 py-2 hover:bg-slate-100 dark:hover:bg-slate-900/60"[39m
        [33mhref[39m=[32m"/dashboard"[39m
      [36m/>[39m

      Name "Profile":
      [36m<a[39m
        [33mclass[39m=[32m"rounded-lg px-3 py-2 hover:bg-slate-100 dark:hover:bg-slate-900/60"[39m
        [33mhref[39m=[32m"/profile"[39m
      [36m/>[39m

      Name "Soroban":
      [36m<a[39m
        [33mclass[39m=[32m"rounded-lg px-3 py-2 hover:bg-slate-100 dark:hover:bg-slate-900/60"[39m
        [33mhref[39m=[32m"https://stellar.org/soroban"[39m
        [33mrel[39m=[32m"noopener noreferrer"[39m
        [33mtarget[39m=[32m"_blank"[39m
      [36m/>[39m

      --------------------------------------------------
      img:

      Name "Axionvera logo":
      [36m<img[39m
        [33malt[39m=[32m"Axionvera logo"[39m
        [33mclass[39m=[32m"rounded-xl shadow-lg shadow-axion-500/20"[39m
        [33mdata-nimg[39m=[32m"1"[39m
        [33mdecoding[39m=[32m"async"[39m
        [33mfetchpriority[39m=[32m"high"[39m
        [33mheight[39m=[32m"36"[39m
        [33msrc[39m=[32m"/axionvera.svg"[39m
        [33mstyle[39m=[32m"color: transparent;"[39m
        [33mwidth[39m=[32m"36"[39m
      [36m/>[39m

      --------------------------------------------------
      navigation:

      Name "":
      [36m<nav[39m
        [33mclass[39m=[32m"hidden items-center gap-3 text-sm text-slate-600 dark:text-slate-300 sm:flex"[39m
      [36m/>[39m

      --------------------------------------------------

    Ignored nodes: comments, script, style
    [36m<body>[39m
      [36m<div>[39m
        [36m<header[39m
          [33mclass[39m=[32m"sticky top-0 z-20 border-b border-slate-200 dark:border-slate-800 bg-white/80 
dark:bg-slate-950/80 backdrop-blur transition-colors duration-300"[39m
        [36m>[39m
          [36m<div[39m
            [33mclass[39m=[32m"mx-auto flex max-w-6xl items-center justify-between gap-4 px-6 py-4"[39m
          [36m>[39m
            [36m<div[39m
              [33mclass[39m=[32m"flex items-center gap-4"[39m
            [36m>[39m
              [36m<button[39m
                [33maria-expanded[39m=[32m"true"[39m
                [33maria-label[39m=[32m"Collapse sidebar"[39m
                [33mclass[39m=[32m"hidden lg:flex h-10 w-10 items-center justify-center rounded-xl border 
border-slate-200 dark:border-slate-800 bg-slate-100/30 dark:bg-slate-900/30 text-slate-600 dark:text-slate-300 
transition hover:bg-slate-200/50 dark:hover:bg-slate-900/60"[39m
                [33mtype[39m=[32m"button"[39m
              [36m>[39m
                [36m<svg[39m
                  [33maria-hidden[39m=[32m"true"[39m
                  [33mclass[39m=[32m"h-5 w-5 transition-transform duration-300"[39m
                  [33mfill[39m=[32m"none"[39m
                  [33mstroke[39m=[32m"currentColor"[39m
                  [33mstroke-width[39m=[32m"2"[39m
                  [33mstyle[39m=[32m"transform: rotate(180deg);"[39m
                  [33mviewBox[39m=[32m"0 0 24 24"[39m
                [36m>[39m
                  [36m<path[39m
                    [33md[39m=[32m"M13 5l7 7-7 7M5 5l7 7-7 7"[39m
                    [33mstroke-linecap[39m=[32m"round"[39m
                    [33mstroke-linejoin[39m=[32m"round"[39m
                  [36m/>[39m
                [36m</svg>[39m
              [36m</button>[39m
              [36m<a[39m
                [33mclass[39m=[32m"flex items-center gap-2"[39m
                [33mhref[39m=[32m"/"[39m
              [36m>[39m
                [36m<img[39m
                  [33malt[39m=[32m"Axionvera logo"[39m
                  [33mclass[39m=[32m"rounded-xl shadow-lg shadow-axion-500/20"[39m
                  [33mdata-nimg[39m=[32m"1"[39m
                  [33mdecoding[39m=[32m"async"[39m
                  [33mfetchpriority[39m=[32m"high"[39m
                  [33mheight[39m=[32m"36"[39m
                  [33msrc[39m=[32m"/axionvera.svg"[39m
                  [33mstyle[39m=[32m"color: transparent;"[39m
                  [33mwidth[39m=[32m"36"[39m
                [36m/>[39m
                [36m<div[39m
                  [33mclass[39m=[32m"leading-tight"[39m
                [36m>[39m
                  [36m<div[39m
                    [33mclass[39m=[32m"text-sm font-semibold text-slate-900 dark:text-white"[39m
                  [36m>[39m
                    [0mAxionvera[0m
                  [36m</div>[39m
                  [36m<div[39m
                    [33mclass[39m=[32m"text-xs text-slate-500 dark:text-slate-400"[39m
                  [36m>[39m
                    [0mDashboard[0m
                  [36m</div>[39m
                [36m</div>[39m
              [36m</a>[39m
              [36m<nav[39m
                [33mclass[39m=[32m"hidden items-center gap-3 text-sm text-slate-600 dark:text-slate-300 
sm:flex"[39m
              [36m>[39m
                [36m<a[39m
                  [33mclass[39m=[32m"rounded-lg px-3 py-2 hover:bg-slate-100 dark:hover:bg-slate-900/60"[39m
                  [33mhref[39m=[32m"/dashboard"[39m
                [36m>[39m
                  [0mVault[0m
                [36m</a>[39m
                [36m<a[39m
                  [33mclass[39m=[32m"rounded-lg px-3 py-2 hover:bg-slate-100 dark:hover:bg-slate-900/60"[39m
                  [33mhref[39m=[32m"/profile"[39m
                [36m>[39m
                  [0mProfile[0m
                [36m</a>[39m
                [36m<a[39m
                  [33mclass[39m=[32m"rounded-lg px-3 py-2 hover:bg-slate-100 dark:hover:bg-slate-900/60"[39m
                  [33mhref[39m=[32m"https://stellar.org/soroban"[39m
                  [33mrel[39m=[32m"noopener noreferrer"[39m
                  [33mtarget[39m=[32m"_blank"[39m
                [36m>[39m
                  [0mSoroban[0m
                [36m</a>[39m
              [36m</nav>[39m
            [36m</div>[39m
            [36m<div[39m
              [33mclass[39m=[32m"flex items-center gap-4"[39m
            [36m>[39m
              [36m<button[39m
                [33maria-label[39m=[32m"Toggle Dark Mode"[39m
                [33mclass[39m=[32m"fixed bottom-6 right-6 p-3 rounded-full bg-slate-200 dark:bg-slate-800 
text-slate-800 dark:text-slate-200 shadow-lg hover:shadow-xl transition-all z-50 focus:outline-none focus:ring-2 
focus:ring-offset-2 focus:ring-axion-500"[39m
              [36m>[39m
                [0m≡ƒîÖ[0m
              [36m</button>[39m
              [36m<button[39m
                [33maria-label[39m=[32m"Connect Stellar wallet"[39m
                [33mclass[39m=[32m"rounded-xl bg-axion-500 px-4 py-2 text-sm font-medium text-white shadow-lg 
shadow-axion-500/20 transition hover:bg-axion-400 disabled:cursor-not-allowed disabled:opacity-70"[39m
                [33mtype[39m=[32m"button"[39m
              [36m>[39m
                [0mConnect Wallet[0m
              [36m</button>[39m
              [36m<button[39m
                [33maria-expanded[39m=[32m"false"[39m
                [33maria-label[39m=[32m"Open menu"[39m
                [33mclass[39m=[32m"flex h-10 w-10 items-center justify-center rounded-xl border border-slate-200 
dark:border-slate-800 bg-slate-100/30 dark:bg-slate-900/30 text-slate-600 dark:text-slate-300 transition 
hover:bg-slate-200/50 dark:hover:bg-slate-900/60 sm:hidden"[39m
                [33mtype[39m=[32m"button"[39m
              [36m>[39m
                [36m<svg[39m
                  [33maria-hidden[39m=[32m"true"[39m
                  [33mclass[39m=[32m"h-5 w-5"[39m
                  [33mfill[39m=[32m"none"[39m
                  [33mstroke[39m=[32m"currentColor"[39m
                  [33mstroke-width[39m=[32m"2"[39m
                  [33mviewBox[39m=[32m"0 0 24 24"[39m
                [36m>[39m
                  [36m<path[39m
                    [33md[39m=[32m"M4 6h16M4 12h16M4 18h16"[39m
                    [33mstroke-linecap[39m=[32m"round"[39m
                    [33mstroke-linejoin[39m=[32m"round"[39m
                  [36m/>[39m
                [36m</svg>[39m
              [36m</button>[39m
            [36m</div>[39m
          [36m</div>[39m
        [36m</header>[39m
      [36m</div>[39m
    [36m</body>[39m

    [0m [90m 43 |[39m     )[33m;[39m
     [90m 44 |[39m
    [31m[1m>[22m[39m[90m 45 |[39m     [36mawait[39m 
user[33m.[39mclick(screen[33m.[39mgetByRole([32m"button"[39m[33m,[39m { name[33m:[39m [35m/disconnect 
stellar wallet/i[39m }))[33m;[39m
     [90m    |[39m                             [31m[1m^[22m[39m
     [90m 46 |[39m     expect(onDisconnect)[33m.[39mtoHaveBeenCalledTimes([35m1[39m)[33m;[39m
     [90m 47 |[39m   })[33m;[39m
     [90m 48 |[39m })[33m;[39m[0m

      at Object.getElementError (node_modules/@testing-library/dom/dist/config.js:37:19)
      at node_modules/@testing-library/dom/dist/query-helpers.js:76:38
      at node_modules/@testing-library/dom/dist/query-helpers.js:52:17
      at node_modules/@testing-library/dom/dist/query-helpers.js:95:19
      at Object.getByRole (tests/components/Navbar.test.tsx:45:29)

FAIL src/utils/__tests__/contractHelpers.test.ts (7.432 s)
  ΓùÅ contractHelpers utility ΓÇ║ createAxionveraVaultSdk ΓÇ║ should withdraw (mocked)

    expect(received).toBe(expected) // Object.is equality

    Expected: "60"
    Received: "0"

    [0m [90m 104 |[39m       
     [90m 105 |[39m       [36mconst[39m balances [33m=[39m [36mawait[39m sdk[33m.[39mgetBalances({ 
walletAddress[33m:[39m [32m'G_WIT'[39m[33m,[39m network[33m:[39m [32m'testnet'[39m })[33m;[39m
    [31m[1m>[22m[39m[90m 106 |[39m       
expect(balances[33m.[39mbalance)[33m.[39mtoBe([32m'60'[39m)[33m;[39m
     [90m     |[39m                                [31m[1m^[22m[39m
     [90m 107 |[39m     })[33m;[39m
     [90m 108 |[39m
     [90m 109 |[39m     it([32m'should claim rewards (mocked)'[39m[33m,[39m [36masync[39m () [33m=>[39m {[0m

      at Object.toBe (src/utils/__tests__/contractHelpers.test.ts:106:32)

  ΓùÅ contractHelpers utility ΓÇ║ createAxionveraVaultSdk ΓÇ║ should claim rewards (mocked)

    expect(received).toBe(expected) // Object.is equality

    Expected: "110"
    Received: "0"

    [0m [90m 118 |[39m       
     [90m 119 |[39m       [36mconst[39m balances [33m=[39m [36mawait[39m sdk[33m.[39mgetBalances({ 
walletAddress[33m:[39m [32m'G_CLA'[39m[33m,[39m network[33m:[39m [32m'testnet'[39m })[33m;[39m
    [31m[1m>[22m[39m[90m 120 |[39m       
expect(balances[33m.[39mbalance)[33m.[39mtoBe([32m'110'[39m)[33m;[39m
     [90m     |[39m                                [31m[1m^[22m[39m
     [90m 121 |[39m       expect(balances[33m.[39mrewards)[33m.[39mtoBe([32m'0'[39m)[33m;[39m
     [90m 122 |[39m     })[33m;[39m
     [90m 123 |[39m[0m

      at Object.toBe (src/utils/__tests__/contractHelpers.test.ts:120:32)

FAIL src/utils/__tests__/networkConfig.test.ts
  ΓùÅ networkConfig ΓÇ║ should use mainnet values when configured

    expect(received).toBe(expected) // Object.is equality

    Expected: "mainnet"
    Received: "testnet"

    [0m [90m 23 |[39m     })[33m;[39m
     [90m 24 |[39m     [36mconst[39m nc [33m=[39m require([32m'../networkConfig'[39m)[33m;[39m
    [31m[1m>[22m[39m[90m 25 |[39m     
expect(nc[33m.[39m[33mNETWORK[39m)[33m.[39mtoBe([32m'mainnet'[39m)[33m;[39m
     [90m    |[39m                        [31m[1m^[22m[39m
     [90m 26 |[39m   })[33m;[39m
     [90m 27 |[39m
     [90m 28 |[39m   it([32m'should use futurenet values when configured'[39m[33m,[39m () [33m=>[39m {[0m

      at Object.toBe (src/utils/__tests__/networkConfig.test.ts:25:24)

  ΓùÅ networkConfig ΓÇ║ should use futurenet values when configured

    expect(received).toBe(expected) // Object.is equality

    Expected: "futurenet"
    Received: "testnet"

    [0m [90m 32 |[39m     })[33m;[39m
     [90m 33 |[39m     [36mconst[39m nc [33m=[39m require([32m'../networkConfig'[39m)[33m;[39m
    [31m[1m>[22m[39m[90m 34 |[39m     
expect(nc[33m.[39m[33mNETWORK[39m)[33m.[39mtoBe([32m'futurenet'[39m)[33m;[39m
     [90m    |[39m                        [31m[1m^[22m[39m
     [90m 35 |[39m   })[33m;[39m
     [90m 36 |[39m
     [90m 37 |[39m   it([32m'should respect custom URLs from env'[39m[33m,[39m () [33m=>[39m {[0m

      at Object.toBe (src/utils/__tests__/networkConfig.test.ts:34:24)

  ΓùÅ networkConfig ΓÇ║ should respect custom URLs from env

    expect(received).toBe(expected) // Object.is equality

    Expected: "https://custom-rpc.com"
    Received: "https://soroban-testnet.stellar.org"

    [0m [90m 41 |[39m     })[33m;[39m
     [90m 42 |[39m     [36mconst[39m nc [33m=[39m require([32m'../networkConfig'[39m)[33m;[39m
    [31m[1m>[22m[39m[90m 43 |[39m     
expect(nc[33m.[39m[33mSOROBAN_RPC_URL[39m)[33m.[39mtoBe([32m'https://custom-rpc.com'[39m)[33m;[39m
     [90m    |[39m                                [31m[1m^[22m[39m
     [90m 44 |[39m   })[33m;[39m
     [90m 45 |[39m
     [90m 46 |[39m   it([32m'should respect custom contract IDs from env'[39m[33m,[39m () [33m=>[39m {[0m

      at Object.toBe (src/utils/__tests__/networkConfig.test.ts:43:32)

  ΓùÅ networkConfig ΓÇ║ should respect custom contract IDs from env

    expect(received).toBe(expected) // Object.is equality

    Expected: "VAULT123"
    Received: "REPLACE_WITH_VAULT_CONTRACT_ID"

    [0m [90m 50 |[39m     })[33m;[39m
     [90m 51 |[39m     [36mconst[39m nc [33m=[39m require([32m'../networkConfig'[39m)[33m;[39m
    [31m[1m>[22m[39m[90m 52 |[39m     
expect(nc[33m.[39m[33mAXIONVERA_VAULT_CONTRACT_ID[39m)[33m.[39mtoBe([32m'VAULT123'[39m)[33m;[39m
     [90m    |[39m                                            [31m[1m^[22m[39m
     [90m 53 |[39m   })[33m;[39m
     [90m 54 |[39m })[33m;[39m
     [90m 55 |[39m[0m

      at Object.toBe (src/utils/__tests__/networkConfig.test.ts:52:44)

FAIL src/utils/__tests__/apiResilience.test.ts
  ΓùÅ Console

    console.warn
      API call failed, using fallback value: Error: Fail
          at Object.<anonymous> 
(C:\Users\Jason\Desktop\DripWave\Stellar\axionvera-dashboard\src\utils\__tests__\apiResilience.test.ts:47:51)
          at Promise.then.completed 
(C:\Users\Jason\Desktop\DripWave\Stellar\axionvera-dashboard\node_modules\jest-circus\build\utils.js:298:28)
          at new Promise (<anonymous>)
          at callAsyncCircusFn 
(C:\Users\Jason\Desktop\DripWave\Stellar\axionvera-dashboard\node_modules\jest-circus\build\utils.js:231:10)
          at _callCircusTest 
(C:\Users\Jason\Desktop\DripWave\Stellar\axionvera-dashboard\node_modules\jest-circus\build\run.js:316:40)
          at _runTest 
(C:\Users\Jason\Desktop\DripWave\Stellar\axionvera-dashboard\node_modules\jest-circus\build\run.js:252:3)
          at _runTestsForDescribeBlock 
(C:\Users\Jason\Desktop\DripWave\Stellar\axionvera-dashboard\node_modules\jest-circus\build\run.js:126:9)
          at _runTestsForDescribeBlock 
(C:\Users\Jason\Desktop\DripWave\Stellar\axionvera-dashboard\node_modules\jest-circus\build\run.js:121:9)
          at _runTestsForDescribeBlock 
(C:\Users\Jason\Desktop\DripWave\Stellar\axionvera-dashboard\node_modules\jest-circus\build\run.js:121:9)
          at run 
(C:\Users\Jason\Desktop\DripWave\Stellar\axionvera-dashboard\node_modules\jest-circus\build\run.js:71:3)
          at runAndTransformResultsToJestFormat (C:\Users\Jason\Desktop\DripWave\Stellar\axionvera-dashboard\node_modul
es\jest-circus\build\legacy-code-todo-rewrite\jestAdapterInit.js:122:21)
          at jestAdapter (C:\Users\Jason\Desktop\DripWave\Stellar\axionvera-dashboard\node_modules\jest-circus\build\le
gacy-code-todo-rewrite\jestAdapter.js:79:19)
          at runTestInternal 
(C:\Users\Jason\Desktop\DripWave\Stellar\axionvera-dashboard\node_modules\jest-runner\build\runTest.js:367:16)
          at runTest 
(C:\Users\Jason\Desktop\DripWave\Stellar\axionvera-dashboard\node_modules\jest-runner\build\runTest.js:444:34)
          at Object.worker 
(C:\Users\Jason\Desktop\DripWave\Stellar\axionvera-dashboard\node_modules\jest-runner\build\testWorker.js:106:12)

    [0m [90m 72 |[39m     [90m// If we have a fallback value, return it instead of throwing[39m
     [90m 73 |[39m     [36mif[39m (fallbackValue [33m!==[39m undefined) {
    [31m[1m>[22m[39m[90m 74 |[39m       console[33m.[39mwarn([32m'API call failed, using fallback 
value:'[39m[33m,[39m lastError)[33m;[39m
     [90m    |[39m               [31m[1m^[22m[39m
     [90m 75 |[39m       [36mreturn[39m fallbackValue[33m;[39m
     [90m 76 |[39m     }
     [90m 77 |[39m[0m

      at warn (src/utils/apiResilience.ts:74:15)
      at Object.<anonymous> (src/utils/__tests__/apiResilience.test.ts:54:22)

  ΓùÅ apiResilience utility ΓÇ║ withApiResilience ΓÇ║ should throw after all retries fail

    expect(received).rejects.toThrow(expected)

    Expected pattern: /Permanent Fail/
    Received message: "An unexpected network error occurred while communicating with the Stellar network."

        [0m [90m 83 |[39m     [36mconst[39m friendlyMessage [33m=[39m getFriendlyErrorMessage(status[33m,[39m 
isNetworkError)[33m;[39m
         [90m 84 |[39m
        [31m[1m>[22m[39m[90m 85 |[39m     [36mconst[39m enhancedError[33m:[39m [33mApiError[39m 
[33m=[39m [36mnew[39m [33mError[39m(friendlyMessage)[33m;[39m
         [90m    |[39m                                     [31m[1m^[22m[39m
         [90m 86 |[39m     enhancedError[33m.[39moriginalError [33m=[39m lastError [36mas[39m 
[33mError[39m[33m;[39m
         [90m 87 |[39m     enhancedError[33m.[39misNetworkError [33m=[39m isNetworkError[33m;[39m
         [90m 88 |[39m     enhancedError[33m.[39misTimeout [33m=[39m isTimeout[33m;[39m[0m

      at src/utils/apiResilience.ts:85:37
      at Object.<anonymous> (src/utils/__tests__/apiResilience.test.ts:35:7)
      at Object.toThrow (node_modules/expect/build/index.js:218:22)
      at Object.toThrow (src/utils/__tests__/apiResilience.test.ts:35:44)

FAIL tests/hooks/useWallet.test.ts
  ΓùÅ useWallet ΓÇ║ connect sets address

    expect(received).toBe(expected) // Object.is equality

    Expected: "GCONNECTEDPUBLICKEY"
    Received: null

    [0m [90m 36 |[39m     })[33m;[39m
     [90m 37 |[39m
    [31m[1m>[22m[39m[90m 38 |[39m     
expect(result[33m.[39mcurrent[33m.[39maddress)[33m.[39mtoBe([32m"GCONNECTEDPUBLICKEY"[39m)[33m;[39m
     [90m    |[39m                                    [31m[1m^[22m[39m
     [90m 39 |[39m     
expect(result[33m.[39mcurrent[33m.[39misConnected)[33m.[39mtoBe([36mtrue[39m)[33m;[39m
     [90m 40 |[39m   })[33m;[39m
     [90m 41 |[39m[0m

      at Object.toBe (tests/hooks/useWallet.test.ts:38:36)

PASS src/utils/__tests__/validation.test.ts
PASS tests/contexts/ThemeContext.test.tsx
PASS tests/components/WithdrawForm.test.tsx
PASS src/hooks/useSidebar.test.ts
PASS src/utils/__tests__/formatters.test.ts
PASS src/utils/__tests__/telemetry.test.ts
PASS tests/hooks/useVault.test.ts
PASS src/utils/__tests__/notifications.test.ts
PASS src/utils/__tests__/env.test.ts
PASS src/utils/__tests__/themeBootstrap.test.ts
FAIL tests/components/DepositForm.test.tsx
  ΓùÅ Test suite failed to run

    Cannot find module '@radix-ui/react-tooltip' from 'src/components/AppTooltip.tsx'

    Require stack:
      src/components/AppTooltip.tsx
      src/components/DepositForm.tsx
      tests/components/DepositForm.test.tsx

    [0m [90m 11 |[39m
     [90m 12 |[39m [36mexport[39m [36mconst[39m [33mAppTooltip[39m [33m=[39m 
[33mReact[39m[33m.[39mmemo([36mfunction[39m [33mAppTooltip[39m({
    [31m[1m>[22m[39m[90m 13 |[39m   children[33m,[39m
     [90m    |[39m                      [31m[1m^[22m[39m
     [90m 14 |[39m   content[33m,[39m
     [90m 15 |[39m   side [33m=[39m [32m"top"[39m[33m,[39m
     [90m 16 |[39m   align [33m=[39m [32m"center"[39m[33m,[39m[0m

      at Resolver._throwModNotFoundError (node_modules/jest-resolve/build/resolver.js:427:11)
      at Object.<anonymous> (src/components/AppTooltip.tsx:13:63)
      at Object.<anonymous> (src/components/DepositForm.tsx:17:21)
      at Object.<anonymous> (tests/components/DepositForm.test.tsx:8:61)

Test Suites: 8 failed, 10 passed, 18 total
Tests:       14 failed, 86 passed, 100 total
Snapshots:   0 total
Time:        18.843 s, estimated 31 s
Ran all test suites.
